======================================================================
  亲缘链路查询性能测试 (族谱 ID=1, 50000人, 239506边)
======================================================================

[0] PL/pgSQL 函数检查
  bfs_reachable() 可用 (测试返回 4 行, 7ms)

[1] 单节点 BFS 各深度耗时对比
  depth<=4:     68 members, CTE=    108ms, func=      5ms
  depth<=6:    330 members, CTE=    163ms, func=      6ms
  depth<=8:   1595 members, CTE=     18ms, func=     18ms
  depth<=10:   6395 members, CTE=     47ms, func=     47ms
  depth<=12:  14711 members, CTE=    103ms, func=    110ms
  depth<=15:  25790 members, CTE=    205ms, func=    204ms

[2] 完整亲缘路径查询

  场景: 兄弟姐妹 (2 hops)
    起始: 1代:G01-G01-0001 魏想 (ID=1)
    目标: 1代:G01-G01-0002 李淑华 (ID=2)
    找到交汇点: 1 (fwd=0, rev=1)
    Phase1: fwd=160ms (330 nodes), rev=160ms (330 nodes)
    Phase2: fwd=0ms, rev=3ms
    路径: 2 节点, 1 步
    1代:G01-G01-0001 魏想 → 1代:G01-G01-0002 李淑华

  场景: 兄弟姐妹 (2 hops)
    起始: 1代:G01-G01-0002 李淑华 (ID=2)
    目标: 1代:G01-G01-0001 魏想 (ID=1)
    找到交汇点: 1 (fwd=1, rev=0)
    Phase1: fwd=162ms (330 nodes), rev=162ms (330 nodes)
    Phase2: fwd=2ms, rev=0ms
    路径: 2 节点, 1 步
    1代:G01-G01-0002 李淑华 → 1代:G01-G01-0001 魏想

  场景: 远亲 (depth=4)
    起始: 1代:G01-G01-0001 魏想 (ID=1)
    目标: 2代:G01-G02-0003 谭淑兰 (ID=1671)
    找到交汇点: 1 (fwd=0, rev=4)
    Phase1: fwd=160ms (330 nodes), rev=166ms (527 nodes)
    Phase2: fwd=0ms, rev=5ms
    路径: 5 节点, 4 步
    1代:G01-G01-0001 魏想 → 2代:G01-G02-0001 周伟 → 3代:G01-G03-0001 秦林 → 3代:G01-G03-0002 贾玲 → 2代:G01-G02-0003 谭淑兰

  场景: 远亲 (depth=4)
    起始: 1代:G01-G01-0001 魏想 (ID=1)
    目标: 2代:G01-G02-0004 王宇 (ID=1672)
    找到交汇点: 1 (fwd=0, rev=4)
    Phase1: fwd=160ms (330 nodes), rev=165ms (527 nodes)
    Phase2: fwd=0ms, rev=7ms
    路径: 5 节点, 4 步
    1代:G01-G01-0001 魏想 → 2代:G01-G02-0001 周伟 → 3代:G01-G03-0001 秦林 → 3代:G01-G03-0002 贾玲 → 2代:G01-G02-0004 王宇

  场景: 远亲 (depth=4)
    起始: 1代:G01-G01-0001 魏想 (ID=1)
    目标: 2代:G01-G02-0837 杨晶 (ID=2505)
    找到交汇点: 1 (fwd=0, rev=4)
    Phase1: fwd=159ms (330 nodes), rev=163ms (389 nodes)
    Phase2: fwd=0ms, rev=4ms
    路径: 5 节点, 4 步
    1代:G01-G01-0001 魏想 → 2代:G01-G02-0835 杨建平 → 3代:G01-G03-0383 吕帆 → 3代:G01-G03-0384 张强 → 2代:G01-G02-0837 杨晶

  场景: 远亲 (depth=4)
    起始: 1代:G01-G01-0001 魏想 (ID=1)
    目标: 2代:G01-G02-0838 王艳 (ID=2506)
    找到交汇点: 1 (fwd=0, rev=4)
    Phase1: fwd=218ms (330 nodes), rev=706ms (389 nodes)
    Phase2: fwd=0ms, rev=5ms
    路径: 5 节点, 4 步
    1代:G01-G01-0001 魏想 → 2代:G01-G02-0835 杨建平 → 3代:G01-G03-0383 吕帆 → 3代:G01-G03-0384 张强 → 2代:G01-G02-0838 王艳

  场景: 远亲 (depth=8)
    起始: 1代:G01-G01-0001 魏想 (ID=1)
    目标: 2代:G01-G02-0009 杨凤英 (ID=1677)
    找到交汇点: 4099 (fwd=2, rev=6)
    Phase1: fwd=596ms (330 nodes), rev=421ms (420 nodes)
    Phase2: fwd=5ms, rev=3ms
    路径: 9 节点, 8 步
    1代:G01-G01-0001 魏想 → 2代:G01-G02-0001 周伟 → 3代:G01-G03-0763 管桂芝 → 4代:G01-G04-0350 张慧 → 5代:G01-G05-0163 张小红 → 5代:G01-G05-0164 鲁丹 → 4代:G01-G04-0352 宋东 → 3代:G01-G03-0767 陈龙 → ...

  场景: 远亲 (depth=8)
    起始: 1代:G01-G01-0001 魏想 (ID=1)
    目标: 2代:G01-G02-0010 杨英 (ID=1678)
    找到交汇点: 4099 (fwd=2, rev=6)
    Phase1: fwd=309ms (330 nodes), rev=328ms (420 nodes)
    Phase2: fwd=3ms, rev=6ms
    路径: 9 节点, 8 步
    1代:G01-G01-0001 魏想 → 2代:G01-G02-0001 周伟 → 3代:G01-G03-0763 管桂芝 → 4代:G01-G04-0350 张慧 → 5代:G01-G05-0163 张小红 → 5代:G01-G05-0164 鲁丹 → 4代:G01-G04-0352 宋东 → 3代:G01-G03-0767 陈龙 → ...

  场景: 远亲 (depth=8)
    起始: 1代:G01-G01-0001 魏想 (ID=1)
    目标: 2代:G01-G02-0011 马帆 (ID=1679)
    找到交汇点: 4099 (fwd=2, rev=6)
    Phase1: fwd=352ms (330 nodes), rev=321ms (420 nodes)
    Phase2: fwd=5ms, rev=4ms
    路径: 9 节点, 8 步
    1代:G01-G01-0001 魏想 → 2代:G01-G02-0001 周伟 → 3代:G01-G03-0763 管桂芝 → 4代:G01-G04-0350 张慧 → 5代:G01-G05-0163 张小红 → 5代:G01-G05-0164 鲁丹 → 4代:G01-G04-0352 宋东 → 3代:G01-G03-0768 刘文 → ...

  场景: 远亲 (depth=8)
    起始: 1代:G01-G01-0001 魏想 (ID=1)
    目标: 2代:G01-G02-0012 林婷婷 (ID=1680)
    找到交汇点: 4099 (fwd=2, rev=6)
    Phase1: fwd=728ms (330 nodes), rev=896ms (420 nodes)
    Phase2: fwd=6ms, rev=8ms
    路径: 9 节点, 8 步
    1代:G01-G01-0001 魏想 → 2代:G01-G02-0001 周伟 → 3代:G01-G03-0763 管桂芝 → 4代:G01-G04-0350 张慧 → 5代:G01-G05-0163 张小红 → 5代:G01-G05-0164 鲁丹 → 4代:G01-G04-0352 宋东 → 3代:G01-G03-0768 刘文 → ...

  场景: 自反 (0 hops)
    起始: 1代:G01-G01-0001 魏想 (ID=1)
    目标: 1代:G01-G01-0001 魏想 (ID=1)
    结果: 同一人, 路径长度 0

======================================================================
  测试总结
======================================================================
  测试场景数:     11
  最慢查询:       1638ms
  平均耗时:       596ms

  [OK] 所有查询均在 5 秒内完成！

测试完成
